uv run ruff check backend tests scripts
All checks passed!
uv run ruff format --check backend tests scripts
51 files already formatted
npm run typecheck --prefix frontend

> aurora-visual-ui@1.0.0 typecheck
> tsc --noEmit

npm exec --prefix frontend -- prettier --check frontend/src frontend/vite.config.ts frontend/tsconfig.json
Checking formatting...
All matched files use Prettier code style!
uv run python scripts/export_contract.py
Pydantic, JSON Schema, OpenAPI and Unicode JCS golden vector exported
node tests/contract/jcs.mjs
Python / JavaScript JCS bytes, hash, and atom_set_id match
uv run pytest -q --junitxml=artifacts/reports/pytest.xml
........................................................................ [ 80%]
..................                                                       [100%]
=============================== warnings summary ===============================
.venv/lib/python3.12/site-packages/fastapi/testclient.py:1
  /Users/ardan/Developer/aurora-visual/.venv/lib/python3.12/site-packages/fastapi/testclient.py:1: StarletteDeprecationWarning: Using `httpx` with `starlette.testclient` is deprecated; install `httpx2` instead.
    from starlette.testclient import TestClient as TestClient  # noqa

.venv/lib/python3.12/site-packages/starlette/testclient.py:53
  /Users/ardan/Developer/aurora-visual/.venv/lib/python3.12/site-packages/starlette/testclient.py:53: DeprecationWarning: The anyio.abc.BlockingPortal alias is deprecated, use anyio.from_thread.BlockingPortal instead.
    _PortalFactoryType = Callable[[], AbstractContextManager[anyio.abc.BlockingPortal]]

tests/integration/test_api.py::test_unsafe_import[duplicate]
  /opt/homebrew/Cellar/python@3.12/3.12.13_2/Frameworks/Python.framework/Versions/3.12/lib/python3.12/zipfile/__init__.py:1624: UserWarning: Duplicate name: 'bundle.json'
    return self._open_to_write(zinfo, force_zip64=force_zip64)

-- Docs: https://docs.pytest.org/en/stable/how-to/capture-warnings.html
90 passed, 3 warnings in 5.21s
